gpu-1-68:1717871:1717871 [2] NCCL INFO TUNER/Plugin: Could not find: libnccl-tuner.so
gpu-1-96:3018482:3018482 [1] NCCL INFO ncclCommInitRankConfig comm 0xb803ee0 rank 53 nranks 64 cudaDev 1 nvmlDev 1 busId 1901000 commId 0xc68665495e562df6 - Init COMPLETE
gpu-1-96:3018482:3018482 [1] NCCL INFO Init timings - ncclCommInitRankConfig: rank 53 nranks 64 total 2.78 (kernels 0.12, alloc 2.09, bootstrap 0.48, allgathers 0.02, topo 0.02, graphs 0.03, connections 0.02, rest 0.00)
gpu-1-68:1717871:1717871 [2] NCCL INFO threadThresholds 8/8/64 | 512/8/64 | 512 | 512
gpu-1-68:1717871:1717871 [2] NCCL INFO 8 coll channels, 8 collnet channels, 0 nvls channels, 8 p2p channels, 1 p2p channels per peer
gpu-1-68:1717871:1717871 [2] NCCL INFO Symmetric memory is not supported. cuMemEnable 1, ginSupport 0, globalNicFused 0
gpu-1-4:435154:435154 [2] NCCL INFO ncclCommInitRankConfig comm 0xe692380 rank 2 nranks 64 cudaDev 2 nvmlDev 2 busId 2901000 commId 0xc68665495e562df6 - Init COMPLETE
gpu-1-4:435154:435154 [2] NCCL INFO Init timings - ncclCommInitRankConfig: rank 2 nranks 64 total 2.79 (kernels 0.18, alloc 2.43, bootstrap 0.08, allgathers 0.03, topo 0.02, graphs 0.03, connections 0.02, rest 0.00)
gpu-1-4:435152:435152 [0] NCCL INFO ncclCommInitRankConfig comm 0x1b1b1400 rank 0 nranks 64 cudaDev 0 nvmlDev 0 busId 901000 commId 0xc68665495e562df6 - Init COMPLETE
gpu-1-4:435152:435152 [0] NCCL INFO Init timings - ncclCommInitRankConfig: rank 0 nranks 64 total 2.81 (kernels 0.07, alloc 1.48, bootstrap 1.17, allgathers 0.03, topo 0.02, graphs 0.03, connections 0.02, rest 0.00)
gpu-1-96:3018484:3018484 [3] NCCL INFO ncclCommInitRankConfig comm 0x8553eb0 rank 55 nranks 64 cudaDev 3 nvmlDev 3 busId 3901000 commId 0xc68665495e562df6 - Init COMPLETE
gpu-1-96:3018484:3018484 [3] NCCL INFO Init timings - ncclCommInitRankConfig: rank 55 nranks 64 total 2.79 (kernels 0.08, alloc 1.97, bootstrap 0.63, allgathers 0.02, topo 0.02, graphs 0.03, connections 0.02, rest 0.00)
gpu-1-18:3298544:3298544 [3] NCCL INFO TUNER/Plugin: Could not find: libnccl-tuner.so
gpu-1-94:562565:562565 [0] NCCL INFO ncclCommInitRankConfig comm 0xfa5e390 rank 44 nranks 64 cudaDev 0 nvmlDev 0 busId 901000 commId 0xc68665495e562df6 - Init COMPLETE
gpu-1-94:562565:562565 [0] NCCL INFO Init timings - ncclCommInitRankConfig: rank 44 nranks 64 total 2.79 (kernels 0.08, alloc 1.79, bootstrap 0.83, allgathers 0.03, topo 0.02, graphs 0.03, connections 0.01, rest 0.00)
gpu-1-94:562567:562567 [2] NCCL INFO ncclCommInitRankConfig comm 0x8f64050 rank 46 nranks 64 cudaDev 2 nvmlDev 2 busId 2901000 commId 0xc68665495e562df6 - Init COMPLETE
gpu-1-94:562567:562567 [2] NCCL INFO Init timings - ncclCommInitRankConfig: rank 46 nranks 64 total 2.79 (kernels 0.08, alloc 2.10, bootstrap 0.51, allgathers 0.03, topo 0.02, graphs 0.03, connections 0.02, rest 0.00)
gpu-1-4:435153:435153 [1] NCCL INFO ncclCommInitRankConfig comm 0x152108f0 rank 1 nranks 64 cudaDev 1 nvmlDev 1 busId 1901000 commId 0xc68665495e562df6 - Init COMPLETE
gpu-1-4:435153:435153 [1] NCCL INFO Init timings - ncclCommInitRankConfig: rank 1 nranks 64 total 2.79 (kernels 0.18, alloc 1.62, bootstrap 0.90, allgathers 0.03, topo 0.02, graphs 0.03, connections 0.02, rest 0.00)
gpu-1-4:435155:435155 [3] NCCL INFO ncclCommInitRankConfig comm 0x25212300 rank 3 nranks 64 cudaDev 3 nvmlDev 3 busId 3901000 commId 0xc68665495e562df6 - Init COMPLETE
gpu-1-4:435155:435155 [3] NCCL INFO Init timings - ncclCommInitRankConfig: rank 3 nranks 64 total 2.79 (kernels 0.18, alloc 2.42, bootstrap 0.09, allgathers 0.03, topo 0.02, graphs 0.03, connections 0.02, rest 0.00)
gpu-1-96:3018483:3018483 [2] NCCL INFO ncclCommInitRankConfig comm 0x20f54180 rank 54 nranks 64 cudaDev 2 nvmlDev 2 busId 2901000 commId 0xc68665495e562df6 - Init COMPLETE
gpu-1-96:3018483:3018483 [2] NCCL INFO Init timings - ncclCommInitRankConfig: rank 54 nranks 64 total 2.78 (kernels 0.19, alloc 2.46, bootstrap 0.04, allgathers 0.02, topo 0.02, graphs 0.03, connections 0.02, rest 0.00)
gpu-1-96:3018481:3018481 [0] NCCL INFO ncclCommInitRankConfig comm 0x2a185570 rank 52 nranks 64 cudaDev 0 nvmlDev 0 busId 901000 commId 0xc68665495e562df6 - Init COMPLETE
gpu-1-96:3018481:3018481 [0] NCCL INFO Init timings - ncclCommInitRankConfig: rank 52 nranks 64 total 2.79 (kernels 0.07, alloc 2.04, bootstrap 0.59, allgathers 0.02, topo 0.02, graphs 0.03, connections 0.02, rest 0.00)
gpu-1-94:562568:562568 [3] NCCL INFO ncclCommInitRankConfig comm 0x34e93810 rank 47 nranks 64 cudaDev 3 nvmlDev 3 busId 3901000 commId 0xc68665495e562df6 - Init COMPLETE
gpu-1-94:562568:562568 [3] NCCL INFO Init timings - ncclCommInitRankConfig: rank 47 nranks 64 total 2.78 (kernels 0.08, alloc 2.10, bootstrap 0.50, allgathers 0.03, topo 0.02, graphs 0.03, connections 0.01, rest 0.00)
gpu-1-94:562566:562566 [1] NCCL INFO ncclCommInitRankConfig comm 0x3ac53da0 rank 45 nranks 64 cudaDev 1 nvmlDev 1 busId 1901000 commId 0xc68665495e562df6 - Init COMPLETE
gpu-1-94:562566:562566 [1] NCCL INFO Init timings - ncclCommInitRankConfig: rank 45 nranks 64 total 2.78 (kernels 0.19, alloc 2.43, bootstrap 0.06, allgathers 0.02, topo 0.02, graphs 0.03, connections 0.02, rest 0.00)
gpu-1-66:3288970:3288970 [2] NCCL INFO TUNER/Plugin: Could not find: libnccl-tuner.so
gpu-1-66:3288970:3288970 [2] NCCL INFO threadThresholds 8/8/64 | 512/8/64 | 512 | 512
gpu-1-66:3288970:3288970 [2] NCCL INFO 8 coll channels, 8 collnet channels, 0 nvls channels, 8 p2p channels, 1 p2p channels per peer
gpu-1-66:3288970:3288970 [2] NCCL INFO Symmetric memory is not supported. cuMemEnable 1, ginSupport 0, globalNicFused 0
gpu-1-18:3298544:3298544 [3] NCCL INFO threadThresholds 8/8/64 | 512/8/64 | 512 | 512
gpu-1-18:3298544:3298544 [3] NCCL INFO 8 coll channels, 8 collnet channels, 0 nvls channels, 8 p2p channels, 1 p2p channels per peer
gpu-1-18:3298544:3298544 [3] NCCL INFO Symmetric memory is not supported. cuMemEnable 1, ginSupport 0, globalNicFused 0
gpu-1-83:1608603:1608603 [0] NCCL INFO TUNER/Plugin: Could not find: libnccl-tuner.so
gpu-1-83:1608603:1608603 [0] NCCL INFO threadThresholds 8/8/64 | 512/8/64 | 512 | 512
gpu-1-83:1608603:1608603 [0] NCCL INFO 8 coll channels, 8 collnet channels, 0 nvls channels, 8 p2p channels, 1 p2p channels per peer
gpu-1-83:1608603:1608603 [0] NCCL INFO Symmetric memory is not supported. cuMemEnable 1, ginSupport 0, globalNicFused 0
gpu-1-83:1608605:1608605 [2] NCCL INFO TUNER/Plugin: Could not find: libnccl-tuner.so
gpu-1-83:1608605:1608605 [2] NCCL INFO threadThresholds 8/8/64 | 512/8/64 | 512 | 512
gpu-1-83:1608605:1608605 [2] NCCL INFO 8 coll channels, 8 collnet channels, 0 nvls channels, 8 p2p channels, 1 p2p channels per peer
gpu-1-83:1608605:1608605 [2] NCCL INFO Symmetric memory is not supported. cuMemEnable 1, ginSupport 0, globalNicFused 0
gpu-1-104:1300650:1300650 [2] NCCL INFO ncclCommInitRankConfig comm 0xd594260 rank 62 nranks 64 cudaDev 2 nvmlDev 2 busId 2901000 commId 0xc68665495e562df6 - Init COMPLETE
gpu-1-104:1300650:1300650 [2] NCCL INFO Init timings - ncclCommInitRankConfig: rank 62 nranks 64 total 2.79 (kernels 0.08, alloc 2.15, bootstrap 0.46, allgathers 0.03, topo 0.02, graphs 0.03, connections 0.02, rest 0.00)
gpu-1-104:1300648:1300648 [0] NCCL INFO ncclCommInitRankConfig comm 0x24f2e470 rank 60 nranks 64 cudaDev 0 nvmlDev 0 busId 901000 commId 0xc68665495e562df6 - Init COMPLETE
gpu-1-104:1300648:1300648 [0] NCCL INFO Init timings - ncclCommInitRankConfig: rank 60 nranks 64 total 2.79 (kernels 0.08, alloc 1.24, bootstrap 1.37, allgathers 0.02, topo 0.02, graphs 0.03, connections 0.02, rest 0.00)
gpu-1-66:3288971:3288971 [3] NCCL INFO TUNER/Plugin: Could not find: libnccl-tuner.so
gpu-1-104:1300649:1300649 [1] NCCL INFO ncclCommInitRankConfig comm 0x10844000 rank 61 nranks 64 cudaDev 1 nvmlDev 1 busId 1901000 commId 0xc68665495e562df6 - Init COMPLETE
gpu-1-104:1300649:1300649 [1] NCCL INFO Init timings - ncclCommInitRankConfig: rank 61 nranks 64 total 2.78 (kernels 0.09, alloc 2.55, bootstrap 0.05, allgathers 0.03, topo 0.02, graphs 0.03, connections 0.02, rest 0.00)
gpu-1-66:3288971:3288971 [3] NCCL INFO threadThresholds 8/8/64 | 512/8/64 | 512 | 512
gpu-1-66:3288971:3288971 [3] NCCL INFO 8 coll channels, 8 collnet channels, 0 nvls channels, 8 p2p channels, 1 p2p channels per peer
gpu-1-66:3288971:3288971 [3] NCCL INFO Symmetric memory is not supported. cuMemEnable 1, ginSupport 0, globalNicFused 0
gpu-1-65:3374547:3374547 [0] NCCL INFO ncclCommInitRankConfig comm 0x23327230 rank 20 nranks 64 cudaDev 0 nvmlDev 0 busId 901000 commId 0xc68665495e562df6 - Init COMPLETE
gpu-1-65:3374547:3374547 [0] NCCL INFO Init timings - ncclCommInitRankConfig: rank 20 nranks 64 total 2.79 (kernels 0.08, alloc 2.30, bootstrap 0.31, allgathers 0.03, topo 0.02, graphs 0.03, connections 0.02, rest 0.00)
gpu-1-104:1300651:1300651 [3] NCCL INFO ncclCommInitRankConfig comm 0x18d13a40 rank 63 nranks 64 cudaDev 3 nvmlDev 3 busId 3901000 commId 0xc68665495e562df6 - Init COMPLETE
gpu-1-104:1300651:1300651 [3] NCCL INFO Init timings - ncclCommInitRankConfig: rank 63 nranks 64 total 2.78 (kernels 0.08, alloc 2.55, bootstrap 0.05, allgathers 0.03, topo 0.02, graphs 0.03, connections 0.02, rest 0.00)
gpu-1-65:3374549:3374549 [2] NCCL INFO ncclCommInitRankConfig comm 0xf4b3fe0 rank 22 nranks 64 cudaDev 2 nvmlDev 2 busId 2901000 commId 0xc68665495e562df6 - Init COMPLETE
gpu-1-65:3374549:3374549 [2] NCCL INFO Init timings - ncclCommInitRankConfig: rank 22 nranks 64 total 2.78 (kernels 0.09, alloc 2.34, bootstrap 0.26, allgathers 0.03, topo 0.02, graphs 0.03, connections 0.02, rest 0.00)
gpu-1-65:3374550:3374550 [3] NCCL INFO ncclCommInitRankConfig comm 0x31693eb0 rank 23 nranks 64 cudaDev 3 nvmlDev 3 busId 3901000 commId 0xc68665495e562df6 - Init COMPLETE
gpu-1-65:3374550:3374550 [3] NCCL INFO Init timings - ncclCommInitRankConfig: rank 23 nranks 64 total 2.78 (kernels 0.09, alloc 2.29, bootstrap 0.30, allgathers 0.03, topo 0.02, graphs 0.03, connections 0.02, rest 0.00)
gpu-1-65:3374548:3374548 [1] NCCL INFO ncclCommInitRankConfig comm 0x12543f90 rank 21 nranks 64 cudaDev 1 nvmlDev 1 busId 1901000 commId 0xc68665495e562df6 - Init COMPLETE
gpu-1-65:3374548:3374548 [1] NCCL INFO Init timings - ncclCommInitRankConfig: rank 21 nranks 64 total 2.78 (kernels 0.09, alloc 2.50, bootstrap 0.09, allgathers 0.03, topo 0.02, graphs 0.03, connections 0.02, rest 0.00)
gpu-1-68:1717870:1717870 [1] NCCL INFO TUNER/Plugin: Could not find: libnccl-tuner.so
gpu-1-68:1717870:1717870 [1] NCCL INFO threadThresholds 8/8/64 | 512/8/64 | 512 | 512
gpu-1-68:1717870:1717870 [1] NCCL INFO 8 coll channels, 8 collnet channels, 0 nvls channels, 8 p2p channels, 1 p2p channels per peer
gpu-1-68:1717870:1717870 [1] NCCL INFO Symmetric memory is not supported. cuMemEnable 1, ginSupport 0, globalNicFused 0
gpu-1-68:1717869:1717869 [0] NCCL INFO TUNER/Plugin: Could not find: libnccl-tuner.so
gpu-1-68:1717869:1717869 [0] NCCL INFO threadThresholds 8/8/64 | 512/8/64 | 512 | 512
gpu-1-68:1717869:1717869 [0] NCCL INFO 8 coll channels, 8 collnet channels, 0 nvls channels, 8 p2p channels, 1 p2p channels per peer
gpu-1-68:1717869:1717869 [0] NCCL INFO Symmetric memory is not supported. cuMemEnable 1, ginSupport 0, globalNicFused 0
gpu-1-18:3298543:3298543 [2] NCCL INFO ncclCommInitRankConfig comm 0x3efe41a0 rank 10 nranks 64 cudaDev 2 nvmlDev 2 busId 2901000 commId 0xc68665495e562df6 - Init COMPLETE
gpu-1-18:3298543:3298543 [2] NCCL INFO Init timings - ncclCommInitRankConfig: rank 10 nranks 64 total 2.78 (kernels 0.18, alloc 2.42, bootstrap 0.08, allgathers 0.03, topo 0.02, graphs 0.03, connections 0.01, rest 0.00)
gpu-1-18:3298541:3298541 [0] NCCL INFO ncclCommInitRankConfig comm 0x48aa680 rank 8 nranks 64 cudaDev 0 nvmlDev 0 busId 901000 commId 0xc68665495e562df6 - Init COMPLETE
gpu-1-18:3298541:3298541 [0] NCCL INFO Init timings - ncclCommInitRankConfig: rank 8 nranks 64 total 2.79 (kernels 0.07, alloc 1.31, bootstrap 1.32, allgathers 0.03, topo 0.02, graphs 0.03, connections 0.02, rest 0.00)
gpu-1-18:3298542:3298542 [1] NCCL INFO ncclCommInitRankConfig comm 0x2db53ca0 rank 9 nranks 64 cudaDev 1 nvmlDev 1 busId 1901000 commId 0xc68665495e562df6 - Init COMPLETE
gpu-1-18:3298542:3298542 [1] NCCL INFO Init timings - ncclCommInitRankConfig: rank 9 nranks 64 total 2.78 (kernels 0.18, alloc 2.27, bootstrap 0.23, allgathers 0.03, topo 0.02, graphs 0.03, connections 0.02, rest 0.00)
gpu-1-33:1976775:1976775 [0] NCCL INFO TUNER/Plugin: Could not find: libnccl-tuner.so
gpu-1-33:1976775:1976775 [0] NCCL INFO threadThresholds 8/8/64 | 512/8/64 | 512 | 512
gpu-1-33:1976775:1976775 [0] NCCL INFO 8 coll channels, 8 collnet channels, 0 nvls channels, 8 p2p channels, 1 p2p channels per peer
gpu-1-18:3298544:3298544 [3] NCCL INFO ncclCommInitRankConfig comm 0x347b3e40 rank 11 nranks 64 cudaDev 3 nvmlDev 3 busId 3901000 commId 0xc68665495e562df6 - Init COMPLETE
gpu-1-18:3298544:3298544 [3] NCCL INFO Init timings - ncclCommInitRankConfig: rank 11 nranks 64 total 2.79 (kernels 0.08, alloc 2.18, bootstrap 0.42, allgathers 0.03, topo 0.02, graphs 0.03, connections 0.02, rest 0.00)
gpu-1-33:1976775:1976775 [0] NCCL INFO Symmetric memory is not supported. cuMemEnable 1, ginSupport 0, globalNicFused 0
gpu-1-35:3930555:3930555 [2] NCCL INFO ncclCommInitRankConfig comm 0x34574100 rank 18 nranks 64 cudaDev 2 nvmlDev 2 busId 2901000 commId 0xc68665495e562df6 - Init COMPLETE
gpu-1-35:3930555:3930555 [2] NCCL INFO Init timings - ncclCommInitRankConfig: rank 18 nranks 64 total 2.79 (kernels 0.09, alloc 1.80, bootstrap 0.80, allgathers 0.03, topo 0.02, graphs 0.03, connections 0.02, rest 0.00)
gpu-1-67:4097840:4097840 [1] NCCL INFO TUNER/Plugin: Could not find: libnccl-tuner.so
gpu-1-35:3930556:3930556 [3] NCCL INFO ncclCommInitRankConfig comm 0x327f3850 rank 19 nranks 64 cudaDev 3 nvmlDev 3 busId 3901000 commId 0xc68665495e562df6 - Init COMPLETE
gpu-1-35:3930556:3930556 [3] NCCL INFO Init timings - ncclCommInitRankConfig: rank 19 nranks 64 total 2.78 (kernels 0.09, alloc 2.50, bootstrap 0.09, allgathers 0.03, topo 0.02, graphs 0.03, connections 0.01, rest 0.00)
gpu-1-67:4097840:4097840 [1] NCCL INFO threadThresholds 8/8/64 | 512/8/64 | 512 | 512
gpu-1-67:4097840:4097840 [1] NCCL INFO 8 coll channels, 8 collnet channels, 0 nvls channels, 8 p2p channels, 1 p2p channels per peer
gpu-1-67:4097840:4097840 [1] NCCL INFO Symmetric memory is not supported. cuMemEnable 1, ginSupport 0, globalNicFused 0
gpu-1-35:3930553:3930553 [0] NCCL INFO ncclCommInitRankConfig comm 0x131633f0 rank 16 nranks 64 cudaDev 0 nvmlDev 0 busId 901000 commId 0xc68665495e562df6 - Init COMPLETE
gpu-1-35:3930553:3930553 [0] NCCL INFO Init timings - ncclCommInitRankConfig: rank 16 nranks 64 total 2.79 (kernels 0.07, alloc 1.61, bootstrap 1.01, allgathers 0.03, topo 0.02, graphs 0.03, connections 0.02, rest 0.00)
gpu-1-82:997326:997326 [0] NCCL INFO ncclCommInitRankConfig comm 0x1b2a45a0 rank 36 nranks 64 cudaDev 0 nvmlDev 0 busId 901000 commId 0xc68665495e562df6 - Init COMPLETE
gpu-1-82:997326:997326 [0] NCCL INFO Init timings - ncclCommInitRankConfig: rank 36 nranks 64 total 2.79 (kernels 0.08, alloc 2.20, bootstrap 0.42, allgathers 0.03, topo 0.02, graphs 0.03, connections 0.01, rest 0.00)
gpu-1-82:997329:997329 [3] NCCL INFO ncclCommInitRankConfig comm 0xcca3d60 rank 39 nranks 64 cudaDev 3 nvmlDev 3 busId 3901000 commId 0xc68665495e562df6 - Init COMPLETE
gpu-1-82:997329:997329 [3] NCCL INFO Init timings - ncclCommInitRankConfig: rank 39 nranks 64 total 2.78 (kernels 0.07, alloc 2.16, bootstrap 0.45, allgathers 0.02, topo 0.02, graphs 0.03, connections 0.01, rest 0.01)
gpu-1-82:997327:997327 [1] NCCL INFO ncclCommInitRankConfig comm 0x28d63dc0 rank 37 nranks 64 cudaDev 1 nvmlDev 1 busId 1901000 commId 0xc68665495e562df6 - Init COMPLETE
gpu-1-82:997327:997327 [1] NCCL INFO Init timings - ncclCommInitRankConfig: rank 37 nranks 64 total 2.79 (kernels 0.08, alloc 2.40, bootstrap 0.20, allgathers 0.03, topo 0.02, graphs 0.03, connections 0.02, rest 0.00)
gpu-1-35:3930554:3930554 [1] NCCL INFO ncclCommInitRankConfig comm 0x28583c70 rank 17 nranks 64 cudaDev 1 nvmlDev 1 busId 1901000 commId 0xc68665495e562df6 - Init COMPLETE
gpu-1-35:3930554:3930554 [1] NCCL INFO Init timings - ncclCommInitRankConfig: rank 17 nranks 64 total 2.78 (kernels 0.09, alloc 2.49, bootstrap 0.11, allgathers 0.03, topo 0.02, graphs 0.03, connections 0.01, rest 0.00)
gpu-1-82:997328:997328 [2] NCCL INFO ncclCommInitRankConfig comm 0xffe47d0 rank 38 nranks 64 cudaDev 2 nvmlDev 2 busId 2901000 commId 0xc68665495e562df6 - Init COMPLETE
gpu-1-82:997328:997328 [2] NCCL INFO Init timings - ncclCommInitRankConfig: rank 38 nranks 64 total 2.78 (kernels 0.09, alloc 2.52, bootstrap 0.08, allgathers 0.03, topo 0.02, graphs 0.03, connections 0.02, rest 0.00)
gpu-1-14:1485677:1485677 [0] NCCL INFO ncclCommInitRankConfig comm 0x25517b00 rank 4 nranks 64 cudaDev 0 nvmlDev 0 busId 901000 commId 0xc68665495e562df6 - Init COMPLETE
gpu-1-14:1485677:1485677 [0] NCCL INFO Init timings - ncclCommInitRankConfig: rank 4 nranks 64 total 2.79 (kernels 0.08, alloc 2.51, bootstrap 0.09, allgathers 0.03, topo 0.02, graphs 0.03, connections 0.02, rest 0.00)
gpu-1-67:4097842:4097842 [3] NCCL INFO TUNER/Plugin: Could not find: libnccl-tuner.so
gpu-1-67:4097842:4097842 [3] NCCL INFO threadThresholds 8/8/64 | 512/8/64 | 512 | 512
gpu-1-67:4097842:4097842 [3] NCCL INFO 8 coll channels, 8 collnet channels, 0 nvls channels, 8 p2p channels, 1 p2p channels per peer
gpu-1-67:4097842:4097842 [3] NCCL INFO Symmetric memory is not supported. cuMemEnable 1, ginSupport 0, globalNicFused 0
gpu-1-14:1485680:1485680 [3] NCCL INFO ncclCommInitRankConfig comm 0x2d4240f0 rank 7 nranks 64 cudaDev 3 nvmlDev 3 busId 3901000 commId 0xc68665495e562df6 - Init COMPLETE
gpu-1-14:1485680:1485680 [3] NCCL INFO Init timings - ncclCommInitRankConfig: rank 7 nranks 64 total 2.78 (kernels 0.08, alloc 2.31, bootstrap 0.29, allgathers 0.03, topo 0.03, graphs 0.03, connections 0.02, rest 0.00)
gpu-1-67:4097841:4097841 [2] NCCL INFO TUNER/Plugin: Could not find: libnccl-tuner.so
gpu-1-14:1485678:1485678 [1] NCCL INFO ncclCommInitRankConfig comm 0x10384240 rank 5 nranks 64 cudaDev 1 nvmlDev 1 busId 1901000 commId 0xc68665495e562df6 - Init COMPLETE
gpu-1-14:1485678:1485678 [1] NCCL INFO Init timings - ncclCommInitRankConfig: rank 5 nranks 64 total 2.79 (kernels 0.07, alloc 2.22, bootstrap 0.39, allgathers 0.03, topo 0.02, graphs 0.03, connections 0.02, rest 0.00)
gpu-1-67:4097841:4097841 [2] NCCL INFO threadThresholds 8/8/64 | 512/8/64 | 512 | 512
gpu-1-67:4097841:4097841 [2] NCCL INFO 8 coll channels, 8 collnet channels, 0 nvls channels, 8 p2p channels, 1 p2p channels per peer
gpu-1-14:1485679:1485679 [2] NCCL INFO ncclCommInitRankConfig comm 0x8e64510 rank 6 nranks 64 cudaDev 2 nvmlDev 2 busId 2901000 commId 0xc68665495e562df6 - Init COMPLETE
gpu-1-14:1485679:1485679 [2] NCCL INFO Init timings - ncclCommInitRankConfig: rank 6 nranks 64 total 2.78 (kernels 0.09, alloc 2.51, bootstrap 0.08, allgathers 0.03, topo 0.02, graphs 0.03, connections 0.02, rest 0.00)
gpu-1-67:4097841:4097841 [2] NCCL INFO Symmetric memory is not supported. cuMemEnable 1, ginSupport 0, globalNicFused 0
gpu-1-66:3288968:3288968 [0] NCCL INFO ncclCommInitRankConfig comm 0x2dbe84b0 rank 24 nranks 64 cudaDev 0 nvmlDev 0 busId 901000 commId 0xc68665495e562df6 - Init COMPLETE
gpu-1-66:3288968:3288968 [0] NCCL INFO Init timings - ncclCommInitRankConfig: rank 24 nranks 64 total 2.78 (kernels 0.18, alloc 2.46, bootstrap 0.04, allgathers 0.03, topo 0.02, graphs 0.03, connections 0.02, rest 0.00)
gpu-1-66:3288970:3288970 [2] NCCL INFO ncclCommInitRankConfig comm 0x3e103fe0 rank 26 nranks 64 cudaDev 2 nvmlDev 2 busId 2901000 commId 0xc68665495e562df6 - Init COMPLETE
gpu-1-66:3288970:3288970 [2] NCCL INFO Init timings - ncclCommInitRankConfig: rank 26 nranks 64 total 2.78 (kernels 0.18, alloc 2.48, bootstrap 0.02, allgathers 0.03, topo 0.02, graphs 0.03, connections 0.02, rest 0.00)
gpu-1-83:1608604:1608604 [1] NCCL INFO ncclCommInitRankConfig comm 0x3a353fd0 rank 41 nranks 64 cudaDev 1 nvmlDev 1 busId 1901000 commId 0xc68665495e562df6 - Init COMPLETE
gpu-1-83:1608604:1608604 [1] NCCL INFO Init timings - ncclCommInitRankConfig: rank 41 nranks 64 total 2.78 (kernels 0.19, alloc 2.46, bootstrap 0.03, allgathers 0.03, topo 0.02, graphs 0.03, connections 0.02, rest 0.00)
gpu-1-83:1608606:1608606 [3] NCCL INFO ncclCommInitRankConfig comm 0x352c3f90 rank 43 nranks 64 cudaDev 3 nvmlDev 3 busId 3901000 commId 0xc68665495e562df6 - Init COMPLETE
gpu-1-83:1608606:1608606 [3] NCCL INFO Init timings - ncclCommInitRankConfig: rank 43 nranks 64 total 2.79 (kernels 0.07, alloc 1.44, bootstrap 1.18, allgathers 0.03, topo 0.02, graphs 0.03, connections 0.01, rest 0.01)
gpu-1-83:1608603:1608603 [0] NCCL INFO ncclCommInitRankConfig comm 0x3d1390e0 rank 40 nranks 64 cudaDev 0 nvmlDev 0 busId 901000 commId 0xc68665495e562df6 - Init COMPLETE
gpu-1-83:1608603:1608603 [0] NCCL INFO Init timings - ncclCommInitRankConfig: rank 40 nranks 64 total 2.78 (kernels 0.19, alloc 1.58, bootstrap 0.91, allgathers 0.03, topo 0.02, graphs 0.03, connections 0.02, rest 0.00)
gpu-1-66:3288971:3288971 [3] NCCL INFO ncclCommInitRankConfig comm 0xb093af0 rank 27 nranks 64 cudaDev 3 nvmlDev 3 busId 3901000 commId 0xc68665495e562df6 - Init COMPLETE
gpu-1-66:3288971:3288971 [3] NCCL INFO Init timings - ncclCommInitRankConfig: rank 27 nranks 64 total 2.79 (kernels 0.07, alloc 1.29, bootstrap 1.34, allgathers 0.03, topo 0.02, graphs 0.03, connections 0.02, rest 0.00)
gpu-1-66:3288969:3288969 [1] NCCL INFO ncclCommInitRankConfig comm 0x18023ee0 rank 25 nranks 64 cudaDev 1 nvmlDev 1 busId 1901000 commId 0xc68665495e562df6 - Init COMPLETE
gpu-1-66:3288969:3288969 [1] NCCL INFO Init timings - ncclCommInitRankConfig: rank 25 nranks 64 total 2.78 (kernels 0.18, alloc 2.49, bootstrap 0.01, allgathers 0.03, topo 0.02, graphs 0.03, connections 0.01, rest 0.00)
gpu-1-83:1608605:1608605 [2] NCCL INFO ncclCommInitRankConfig comm 0x27593d90 rank 42 nranks 64 cudaDev 2 nvmlDev 2 busId 2901000 commId 0xc68665495e562df6 - Init COMPLETE
gpu-1-83:1608605:1608605 [2] NCCL INFO Init timings - ncclCommInitRankConfig: rank 42 nranks 64 total 2.78 (kernels 0.19, alloc 2.38, bootstrap 0.11, allgathers 0.03, topo 0.02, graphs 0.03, connections 0.02, rest 0.00)
gpu-1-33:1976777:1976777 [3] NCCL INFO ncclCommInitRankConfig comm 0x1f5f3f80 rank 15 nranks 64 cudaDev 3 nvmlDev 3 busId 3901000 commId 0xc68665495e562df6 - Init COMPLETE
gpu-1-33:1976777:1976777 [3] NCCL INFO Init timings - ncclCommInitRankConfig: rank 15 nranks 64 total 2.79 (kernels 0.08, alloc 2.40, bootstrap 0.21, allgathers 0.03, topo 0.02, graphs 0.03, connections 0.02, rest 0.00)
gpu-1-33:1976774:1976774 [1] NCCL INFO ncclCommInitRankConfig comm 0x124e3f80 rank 13 nranks 64 cudaDev 1 nvmlDev 1 busId 1901000 commId 0xc68665495e562df6 - Init COMPLETE
gpu-1-33:1976774:1976774 [1] NCCL INFO Init timings - ncclCommInitRankConfig: rank 13 nranks 64 total 2.79 (kernels 0.09, alloc 2.41, bootstrap 0.19, allgathers 0.03, topo 0.03, graphs 0.03, connections 0.02, rest 0.00)
gpu-1-33:1976776:1976776 [2] NCCL INFO ncclCommInitRankConfig comm 0x30624240 rank 14 nranks 64 cudaDev 2 nvmlDev 2 busId 2901000 commId 0xc68665495e562df6 - Init COMPLETE
gpu-1-33:1976776:1976776 [2] NCCL INFO Init timings - ncclCommInitRankConfig: rank 14 nranks 64 total 2.79 (kernels 0.08, alloc 2.34, bootstrap 0.27, allgathers 0.03, topo 0.02, graphs 0.03, connections 0.02, rest 0.00)
gpu-1-33:1976775:1976775 [0] NCCL INFO ncclCommInitRankConfig comm 0x29ade330 rank 12 nranks 64 cudaDev 0 nvmlDev 0 busId 901000 commId 0xc68665495e562df6 - Init COMPLETE
gpu-1-33:1976775:1976775 [0] NCCL INFO Init timings - ncclCommInitRankConfig: rank 12 nranks 64 total 2.79 (kernels 0.09, alloc 2.52, bootstrap 0.08, allgathers 0.03, topo 0.02, graphs 0.03, connections 0.02, rest 0.00)
gpu-1-68:1717869:1717869 [0] NCCL INFO ncclCommInitRankConfig comm 0x2c93d690 rank 32 nranks 64 cudaDev 0 nvmlDev 0 busId 901000 commId 0xc68665495e562df6 - Init COMPLETE
gpu-1-68:1717869:1717869 [0] NCCL INFO Init timings - ncclCommInitRankConfig: rank 32 nranks 64 total 2.79 (kernels 0.07, alloc 1.29, bootstrap 1.32, allgathers 0.03, topo 0.02, graphs 0.03, connections 0.02, rest 0.00)
gpu-1-68:1717871:1717871 [2] NCCL INFO ncclCommInitRankConfig comm 0x33863e10 rank 34 nranks 64 cudaDev 2 nvmlDev 2 busId 2901000 commId 0xc68665495e562df6 - Init COMPLETE
gpu-1-68:1717871:1717871 [2] NCCL INFO Init timings - ncclCommInitRankConfig: rank 34 nranks 64 total 2.79 (kernels 0.12, alloc 2.52, bootstrap 0.05, allgathers 0.03, topo 0.02, graphs 0.03, connections 0.02, rest 0.00)
gpu-1-68:1717870:1717870 [1] NCCL INFO ncclCommInitRankConfig comm 0x2a7e3ee0 rank 33 nranks 64 cudaDev 1 nvmlDev 1 busId 1901000 commId 0xc68665495e562df6 - Init COMPLETE
gpu-1-68:1717870:1717870 [1] NCCL INFO Init timings - ncclCommInitRankConfig: rank 33 nranks 64 total 2.79 (kernels 0.08, alloc 2.36, bootstrap 0.25, allgathers 0.03, topo 0.02, graphs 0.03, connections 0.02, rest 0.00)
gpu-1-68:1717872:1717872 [3] NCCL INFO ncclCommInitRankConfig comm 0x1a813960 rank 35 nranks 64 cudaDev 3 nvmlDev 3 busId 3901000 commId 0xc68665495e562df6 - Init COMPLETE
gpu-1-68:1717872:1717872 [3] NCCL INFO Init timings - ncclCommInitRankConfig: rank 35 nranks 64 total 2.79 (kernels 0.09, alloc 2.49, bootstrap 0.11, allgathers 0.03, topo 0.02, graphs 0.03, connections 0.01, rest 0.00)
gpu-1-67:4097841:4097841 [2] NCCL INFO ncclCommInitRankConfig comm 0x3a904800 rank 30 nranks 64 cudaDev 2 nvmlDev 2 busId 2901000 commId 0xc68665495e562df6 - Init COMPLETE
gpu-1-67:4097841:4097841 [2] NCCL INFO Init timings - ncclCommInitRankConfig: rank 30 nranks 64 total 2.78 (kernels 0.08, alloc 2.55, bootstrap 0.05, allgathers 0.02, topo 0.03, graphs 0.03, connections 0.02, rest 0.00)
gpu-1-67:4097839:4097839 [0] NCCL INFO ncclCommInitRankConfig comm 0x3417ebb0 rank 28 nranks 64 cudaDev 0 nvmlDev 0 busId 901000 commId 0xc68665495e562df6 - Init COMPLETE
gpu-1-67:4097839:4097839 [0] NCCL INFO Init timings - ncclCommInitRankConfig: rank 28 nranks 64 total 2.80 (kernels 0.08, alloc 1.51, bootstrap 1.11, allgathers 0.02, topo 0.03, graphs 0.03, connections 0.02, rest 0.00)
gpu-1-67:4097840:4097840 [1] NCCL INFO ncclCommInitRankConfig comm 0x14374150 rank 29 nranks 64 cudaDev 1 nvmlDev 1 busId 1901000 commId 0xc68665495e562df6 - Init COMPLETE
gpu-1-67:4097840:4097840 [1] NCCL INFO Init timings - ncclCommInitRankConfig: rank 29 nranks 64 total 2.78 (kernels 0.10, alloc 2.50, bootstrap 0.08, allgathers 0.02, topo 0.03, graphs 0.03, connections 0.02, rest 0.00)
gpu-1-67:4097842:4097842 [3] NCCL INFO ncclCommInitRankConfig comm 0x1c713f80 rank 31 nranks 64 cudaDev 3 nvmlDev 3 busId 3901000 commId 0xc68665495e562df6 - Init COMPLETE
gpu-1-67:4097842:4097842 [3] NCCL INFO Init timings - ncclCommInitRankConfig: rank 31 nranks 64 total 2.78 (kernels 0.08, alloc 1.67, bootstrap 0.93, allgathers 0.02, topo 0.03, graphs 0.03, connections 0.02, rest 0.00)
#
#                                                              out-of-place                       in-place          
#       size         count      type   redop    root     time   algbw   busbw  #wrong     time   algbw   busbw  #wrong 
#        (B)    (elements)                               (us)  (GB/s)  (GB/s)             (us)  (GB/s)  (GB/s)         
gpu-1-65:3374549:3374549 [2] NCCL INFO Channel 00/1 : 22[2] -> 23[3] via P2P/CUMEM
gpu-1-4:435153:435153 [1] NCCL INFO Channel 00/1 : 1[1] -> 2[2] via P2P/CUMEM
gpu-1-35:3930555:3930555 [2] NCCL INFO Channel 00/1 : 18[2] -> 19[3] via P2P/CUMEM
gpu-1-18:3298543:3298543 [2] NCCL INFO Channel 00/1 : 10[2] -> 11[3] via P2P/CUMEM
gpu-1-65:3374548:3374548 [1] NCCL INFO Channel 00/1 : 21[1] -> 22[2] via P2P/CUMEM
gpu-1-4:435154:435154 [2] NCCL INFO Channel 00/1 : 2[2] -> 3[3] via P2P/CUMEM
gpu-1-67:4097841:4097841 [2] NCCL INFO Channel 00/1 : 30[2] -> 31[3] via P2P/CUMEM
gpu-1-68:1717870:1717870 [1] NCCL INFO Channel 00/1 : 33[1] -> 34[2] via P2P/CUMEM
gpu-1-104:1300650:1300650 [2] NCCL INFO Channel 00/1 : 62[2] -> 63[3] via P2P/CUMEM
gpu-1-95:3293410:3293410 [1] NCCL INFO Channel 00/1 : 49[1] -> 50[2] via P2P/CUMEM
gpu-1-66:3288970:3288970 [2] NCCL INFO Channel 00/1 : 26[2] -> 27[3] via P2P/CUMEM
gpu-1-96:3018483:3018483 [2] NCCL INFO Channel 00/1 : 54[2] -> 55[3] via P2P/CUMEM
gpu-1-83:1608604:1608604 [1] NCCL INFO Channel 00/1 : 41[1] -> 42[2] via P2P/CUMEM
gpu-1-35:3930554:3930554 [1] NCCL INFO Channel 00/1 : 17[1] -> 18[2] via P2P/CUMEM
gpu-1-98:2189216:2189216 [1] NCCL INFO Channel 00/1 : 57[1] -> 58[2] via P2P/CUMEM
gpu-1-95:3293411:3293411 [2] NCCL INFO Channel 00/1 : 50[2] -> 51[3] via P2P/CUMEM
gpu-1-14:1485679:1485679 [2] NCCL INFO Channel 00/1 : 6[2] -> 7[3] via P2P/CUMEM
gpu-1-94:562566:562566 [1] NCCL INFO Channel 00/1 : 45[1] -> 46[2] via P2P/CUMEM
gpu-1-14:1485678:1485678 [1] NCCL INFO Channel 00/1 : 5[1] -> 6[2] via P2P/CUMEM
gpu-1-67:4097840:4097840 [1] NCCL INFO Channel 00/1 : 29[1] -> 30[2] via P2P/CUMEM
gpu-1-68:1717871:1717871 [2] NCCL INFO Channel 00/1 : 34[2] -> 35[3] via P2P/CUMEM
gpu-1-96:3018482:3018482 [1] NCCL INFO Channel 00/1 : 53[1] -> 54[2] via P2P/CUMEM
gpu-1-18:3298542:3298542 [1] NCCL INFO Channel 00/1 : 9[1] -> 10[2] via P2P/CUMEM
gpu-1-82:997328:997328 [2] NCCL INFO Channel 00/1 : 38[2] -> 39[3] via P2P/CUMEM
gpu-1-83:1608605:1608605 [2] NCCL INFO Channel 00/1 : 42[2] -> 43[3] via P2P/CUMEM
gpu-1-33:1976776:1976776 [2] NCCL INFO Channel 00/1 : 14[2] -> 15[3] via P2P/CUMEM
gpu-1-66:3288969:3288969 [1] NCCL INFO Channel 00/1 : 25[1] -> 26[2] via P2P/CUMEM
gpu-1-82:997327:997327 [1] NCCL INFO Channel 00/1 : 37[1] -> 38[2] via P2P/CUMEM
gpu-1-104:1300649:1300649 [1] NCCL INFO Channel 00/1 : 61[1] -> 62[2] via P2P/CUMEM
gpu-1-98:2189217:2189217 [2] NCCL INFO Channel 00/1 : 58[2] -> 59[3] via P2P/CUMEM
gpu-1-94:562567:562567 [2] NCCL INFO Channel 00/1 : 46[2] -> 47[3] via P2P/CUMEM
gpu-1-33:1976774:1976774 [1] NCCL INFO Channel 00/1 : 13[1] -> 14[2] via P2P/CUMEM
gpu-1-65:3374547:3374975 [0] NCCL INFO [Proxy Progress] Device 0 CPU core 39
gpu-1-98:2189215:2189275 [0] NCCL INFO [Proxy Progress] Device 0 CPU core 67
gpu-1-4:435152:435213 [0] NCCL INFO [Proxy Progress] Device 0 CPU core 52
gpu-1-67:4097839:4098267 [0] NCCL INFO [Proxy Progress] Device 0 CPU core 70
gpu-1-35:3930553:3930983 [0] NCCL INFO [Proxy Progress] Device 0 CPU core 0
gpu-1-33:1976775:1977202 [0] NCCL INFO [Proxy Progress] Device 0 CPU core 23
gpu-1-14:1485677:1485737 [0] NCCL INFO [Proxy Progress] Device 0 CPU core 64
gpu-1-68:1717869:1718297 [0] NCCL INFO [Proxy Progress] Device 0 CPU core 1
gpu-1-66:3288968:3289396 [0] NCCL INFO [Proxy Progress] Device 0 CPU core 24
gpu-1-18:3298541:3298602 [0] NCCL INFO [Proxy Progress] Device 0 CPU core 45
gpu-1-104:1300648:1301076 [0] NCCL INFO [Proxy Progress] Device 0 CPU core 36
gpu-1-83:1608603:1609032 [0] NCCL INFO [Proxy Progress] Device 0 CPU core 9
gpu-1-82:997326:997386 [0] NCCL INFO [Proxy Progress] Device 0 CPU core 24
gpu-1-96:3018481:3018909 [0] NCCL INFO [Proxy Progress] Device 0 CPU core 21
gpu-1-94:562565:562993 [0] NCCL INFO [Proxy Progress] Device 0 CPU core 66
gpu-1-95:3293409:3293470 [0] NCCL INFO [Proxy Progress] Device 0 CPU core 24
gpu-1-98:2189215:2189215 [0] NCCL INFO Channel 04/1 : 55[3] -> 56[0] [receive] via NET/AWS Libfabric/0/GDRDMA/Shared
gpu-1-98:2189215:2189215 [0] NCCL INFO Channel 00/1 : 56[0] -> 57[1] via P2P/CUMEM
gpu-1-98:2189218:2189218 [3] NCCL INFO Channel 04/1 : 59[3] -> 60[0] [send] via NET/AWS Libfabric/0(56)/GDRDMA/Shared
gpu-1-65:3374547:3374547 [0] NCCL INFO Channel 04/1 : 19[3] -> 20[0] [receive] via NET/AWS Libfabric/0/GDRDMA/Shared
gpu-1-33:1976775:1976775 [0] NCCL INFO Channel 04/1 : 11[3] -> 12[0] [receive] via NET/AWS Libfabric/0/GDRDMA/Shared
gpu-1-65:3374547:3374547 [0] NCCL INFO Channel 00/1 : 20[0] -> 21[1] via P2P/CUMEM
gpu-1-65:3374550:3374550 [3] NCCL INFO Channel 04/1 : 23[3] -> 24[0] [send] via NET/AWS Libfabric/0(20)/GDRDMA/Shared
gpu-1-83:1608603:1608603 [0] NCCL INFO Channel 04/1 : 39[3] -> 40[0] [receive] via NET/AWS Libfabric/0/GDRDMA/Shared
gpu-1-83:1608603:1608603 [0] NCCL INFO Channel 00/1 : 40[0] -> 41[1] via P2P/CUMEM
gpu-1-33:1976775:1976775 [0] NCCL INFO Channel 00/1 : 12[0] -> 13[1] via P2P/CUMEM
gpu-1-33:1976777:1976777 [3] NCCL INFO Channel 04/1 : 15[3] -> 16[0] [send] via NET/AWS Libfabric/0(12)/GDRDMA/Shared
gpu-1-18:3298541:3298541 [0] NCCL INFO Channel 04/1 : 7[3] -> 8[0] [receive] via NET/AWS Libfabric/0/GDRDMA/Shared
gpu-1-18:3298541:3298541 [0] NCCL INFO Channel 00/1 : 8[0] -> 9[1] via P2P/CUMEM
gpu-1-83:1608606:1608606 [3] NCCL INFO Channel 04/1 : 43[3] -> 44[0] [send] via NET/AWS Libfabric/0(40)/GDRDMA/Shared
gpu-1-18:3298544:3298544 [3] NCCL INFO Channel 04/1 : 11[3] -> 12[0] [send] via NET/AWS Libfabric/0(8)/GDRDMA/Shared
gpu-1-35:3930553:3930553 [0] NCCL INFO Channel 04/1 : 15[3] -> 16[0] [receive] via NET/AWS Libfabric/0/GDRDMA/Shared
gpu-1-35:3930553:3930553 [0] NCCL INFO Channel 00/1 : 16[0] -> 17[1] via P2P/CUMEM
gpu-1-68:1717869:1717869 [0] NCCL INFO Channel 04/1 : 31[3] -> 32[0] [receive] via NET/AWS Libfabric/0/GDRDMA/Shared
gpu-1-35:3930556:3930556 [3] NCCL INFO Channel 04/1 : 19[3] -> 20[0] [send] via NET/AWS Libfabric/0(16)/GDRDMA/Shared
gpu-1-98:2189217:2189217 [2] NCCL INFO Channel 04/1 : 58[2] -> 60[0] [send] via NET/AWS Libfabric/0(56)/GDRDMA/Shared
gpu-1-68:1717869:1717869 [0] NCCL INFO Channel 00/1 : 32[0] -> 33[1] via P2P/CUMEM
gpu-1-68:1717872:1717872 [3] NCCL INFO Channel 04/1 : 35[3] -> 36[0] [send] via NET/AWS Libfabric/0(32)/GDRDMA/Shared
gpu-1-4:435152:435152 [0] NCCL INFO Channel 04/1 : 63[3] -> 0[0] [receive] via NET/AWS Libfabric/0/GDRDMA/Shared
gpu-1-4:435152:435152 [0] NCCL INFO Channel 00/1 : 0[0] -> 1[1] via P2P/CUMEM
gpu-1-4:435155:435155 [3] NCCL INFO Channel 04/1 : 3[3] -> 4[0] [send] via NET/AWS Libfabric/0(0)/GDRDMA/Shared
gpu-1-104:1300648:1300648 [0] NCCL INFO Channel 04/1 : 59[3] -> 60[0] [receive] via NET/AWS Libfabric/0/GDRDMA/Shared
gpu-1-104:1300648:1300648 [0] NCCL INFO Channel 00/1 : 60[0] -> 61[1] via P2P/CUMEM
gpu-1-65:3374549:3374549 [2] NCCL INFO Channel 04/1 : 22[2] -> 24[0] [send] via NET/AWS Libfabric/0(20)/GDRDMA/Shared
gpu-1-104:1300651:1300651 [3] NCCL INFO Channel 04/1 : 63[3] -> 0[0] [send] via NET/AWS Libfabric/0(60)/GDRDMA/Shared
gpu-1-18:3298543:3298543 [2] NCCL INFO Channel 04/1 : 10[2] -> 12[0] [send] via NET/AWS Libfabric/0(8)/GDRDMA/Shared
gpu-1-33:1976776:1976776 [2] NCCL INFO Channel 04/1 : 14[2] -> 16[0] [send] via NET/AWS Libfabric/0(12)/GDRDMA/Shared
gpu-1-67:4097839:4097839 [0] NCCL INFO Channel 04/1 : 27[3] -> 28[0] [receive] via NET/AWS Libfabric/0/GDRDMA/Shared
gpu-1-83:1608605:1608605 [2] NCCL INFO Channel 04/1 : 42[2] -> 44[0] [send] via NET/AWS Libfabric/0(40)/GDRDMA/Shared
gpu-1-33:1976775:1976775 [0] NCCL INFO Channel 04/1 : 10[2] -> 12[0] [receive] via NET/AWS Libfabric/0/GDRDMA/Shared
gpu-1-33:1976775:1976775 [0] NCCL INFO Channel 00/1 : 12[0] -> 14[2] via P2P/CUMEM
gpu-1-65:3374547:3374547 [0] NCCL INFO Channel 04/1 : 18[2] -> 20[0] [receive] via NET/AWS Libfabric/0/GDRDMA/Shared
gpu-1-65:3374547:3374547 [0] NCCL INFO Channel 00/1 : 20[0] -> 22[2] via P2P/CUMEM
gpu-1-67:4097839:4097839 [0] NCCL INFO Channel 00/1 : 28[0] -> 29[1] via P2P/CUMEM
gpu-1-35:3930555:3930555 [2] NCCL INFO Channel 04/1 : 18[2] -> 20[0] [send] via NET/AWS Libfabric/0(16)/GDRDMA/Shared
gpu-1-68:1717871:1717871 [2] NCCL INFO Channel 04/1 : 34[2] -> 36[0] [send] via NET/AWS Libfabric/0(32)/GDRDMA/Shared
gpu-1-67:4097842:4097842 [3] NCCL INFO Channel 04/1 : 31[3] -> 32[0] [send] via NET/AWS Libfabric/0(28)/GDRDMA/Shared
gpu-1-94:562565:562565 [0] NCCL INFO Channel 04/1 : 43[3] -> 44[0] [receive] via NET/AWS Libfabric/0/GDRDMA/Shared
gpu-1-66:3288968:3288968 [0] NCCL INFO Channel 04/1 : 23[3] -> 24[0] [receive] via NET/AWS Libfabric/0/GDRDMA/Shared
gpu-1-94:562565:562565 [0] NCCL INFO Channel 00/1 : 44[0] -> 45[1] via P2P/CUMEM
gpu-1-94:562568:562568 [3] NCCL INFO Channel 04/1 : 47[3] -> 48[0] [send] via NET/AWS Libfabric/0(44)/GDRDMA/Shared
gpu-1-35:3930553:3930553 [0] NCCL INFO Channel 04/1 : 14[2] -> 16[0] [receive] via NET/AWS Libfabric/0/GDRDMA/Shared
gpu-1-35:3930553:3930553 [0] NCCL INFO Channel 00/1 : 16[0] -> 18[2] via P2P/CUMEM
gpu-1-82:997326:997326 [0] NCCL INFO Channel 04/1 : 35[3] -> 36[0] [receive] via NET/AWS Libfabric/0/GDRDMA/Shared
gpu-1-82:997326:997326 [0] NCCL INFO Channel 00/1 : 36[0] -> 37[1] via P2P/CUMEM
gpu-1-66:3288968:3288968 [0] NCCL INFO Channel 00/1 : 24[0] -> 25[1] via P2P/CUMEM
gpu-1-66:3288971:3288971 [3] NCCL INFO Channel 04/1 : 27[3] -> 28[0] [send] via NET/AWS Libfabric/0(24)/GDRDMA/Shared
gpu-1-4:435154:435154 [2] NCCL INFO Channel 04/1 : 2[2] -> 4[0] [send] via NET/AWS Libfabric/0(0)/GDRDMA/Shared
gpu-1-82:997329:997329 [3] NCCL INFO Channel 04/1 : 39[3] -> 40[0] [send] via NET/AWS Libfabric/0(36)/GDRDMA/Shared
gpu-1-104:1300650:1300650 [2] NCCL INFO Channel 04/1 : 62[2] -> 0[0] [send] via NET/AWS Libfabric/0(60)/GDRDMA/Shared
gpu-1-68:1717869:1717869 [0] NCCL INFO Channel 04/1 : 30[2] -> 32[0] [receive] via NET/AWS Libfabric/0/GDRDMA/Shared
gpu-1-68:1717869:1717869 [0] NCCL INFO Channel 00/1 : 32[0] -> 34[2] via P2P/CUMEM
gpu-1-4:435152:435152 [0] NCCL INFO Channel 04/1 : 62[2] -> 0[0] [receive] via NET/AWS Libfabric/0/GDRDMA/Shared
gpu-1-4:435152:435152 [0] NCCL INFO Channel 00/1 : 0[0] -> 2[2] via P2P/CUMEM
gpu-1-65:3374547:3374547 [0] NCCL INFO Channel 04/1 : 17[1] -> 20[0] [receive] via NET/AWS Libfabric/0/GDRDMA/Shared
gpu-1-33:1976775:1976775 [0] NCCL INFO Channel 04/1 : 9[1] -> 12[0] [receive] via NET/AWS Libfabric/0/GDRDMA/Shared
gpu-1-33:1976775:1976775 [0] NCCL INFO Channel 00/1 : 12[0] -> 15[3] via P2P/CUMEM
gpu-1-65:3374547:3374547 [0] NCCL INFO Channel 00/1 : 20[0] -> 23[3] via P2P/CUMEM
gpu-1-104:1300648:1300648 [0] NCCL INFO Channel 04/1 : 58[2] -> 60[0] [receive] via NET/AWS Libfabric/0/GDRDMA/Shared
gpu-1-104:1300648:1300648 [0] NCCL INFO Channel 00/1 : 60[0] -> 62[2] via P2P/CUMEM
gpu-1-83:1608603:1608603 [0] NCCL INFO Channel 04/1 : 38[2] -> 40[0] [receive] via NET/AWS Libfabric/0/GDRDMA/Shared
gpu-1-83:1608603:1608603 [0] NCCL INFO Channel 00/1 : 40[0] -> 42[2] via P2P/CUMEM
gpu-1-67:4097841:4097841 [2] NCCL INFO Channel 04/1 : 30[2] -> 32[0] [send] via NET/AWS Libfabric/0(28)/GDRDMA/Shared
gpu-1-35:3930553:3930553 [0] NCCL INFO Channel 04/1 : 13[1] -> 16[0] [receive] via NET/AWS Libfabric/0/GDRDMA/Shared
gpu-1-35:3930553:3930553 [0] NCCL INFO Channel 00/1 : 16[0] -> 19[3] via P2P/CUMEM
gpu-1-94:562567:562567 [2] NCCL INFO Channel 04/1 : 46[2] -> 48[0] [send] via NET/AWS Libfabric/0(44)/GDRDMA/Shared
gpu-1-66:3288970:3288970 [2] NCCL INFO Channel 04/1 : 26[2] -> 28[0] [send] via NET/AWS Libfabric/0(24)/GDRDMA/Shared
gpu-1-67:4097839:4097839 [0] NCCL INFO Channel 04/1 : 26[2] -> 28[0] [receive] via NET/AWS Libfabric/0/GDRDMA/Shared
gpu-1-66:3288968:3288968 [0] NCCL INFO Channel 04/1 : 22[2] -> 24[0] [receive] via NET/AWS Libfabric/0/GDRDMA/Shared
gpu-1-66:3288968:3288968 [0] NCCL INFO Channel 00/1 : 24[0] -> 26[2] via P2P/CUMEM
gpu-1-94:562565:562565 [0] NCCL INFO Channel 04/1 : 42[2] -> 44[0] [receive] via NET/AWS Libfabric/0/GDRDMA/Shared
gpu-1-94:562565:562565 [0] NCCL INFO Channel 00/1 : 44[0] -> 46[2] via P2P/CUMEM
gpu-1-4:435152:435152 [0] NCCL INFO Channel 04/1 : 61[1] -> 0[0] [receive] via NET/AWS Libfabric/0/GDRDMA/Shared
gpu-1-4:435152:435152 [0] NCCL INFO Channel 00/1 : 0[0] -> 3[3] via P2P/CUMEM
gpu-1-82:997328:997328 [2] NCCL INFO Channel 04/1 : 38[2] -> 40[0] [send] via NET/AWS Libfabric/0(36)/GDRDMA/Shared
gpu-1-67:4097839:4097839 [0] NCCL INFO Channel 00/1 : 28[0] -> 30[2] via P2P/CUMEM
gpu-1-82:997326:997326 [0] NCCL INFO Channel 04/1 : 34[2] -> 36[0] [receive] via NET/AWS Libfabric/0/GDRDMA/Shared
gpu-1-82:997326:997326 [0] NCCL INFO Channel 00/1 : 36[0] -> 38[2] via P2P/CUMEM
gpu-1-68:1717869:1717869 [0] NCCL INFO Channel 04/1 : 29[1] -> 32[0] [receive] via NET/AWS Libfabric/0/GDRDMA/Shared
gpu-1-68:1717869:1717869 [0] NCCL INFO Channel 00/1 : 32[0] -> 35[3] via P2P/CUMEM
gpu-1-104:1300648:1300648 [0] NCCL INFO Channel 04/1 : 57[1] -> 60[0] [receive] via NET/AWS Libfabric/0/GDRDMA/Shared
gpu-1-104:1300648:1300648 [0] NCCL INFO Channel 00/1 : 60[0] -> 63[3] via P2P/CUMEM
gpu-1-95:3293409:3293409 [0] NCCL INFO Channel 04/1 : 47[3] -> 48[0] [receive] via NET/AWS Libfabric/0/GDRDMA/Shared
gpu-1-95:3293409:3293409 [0] NCCL INFO Channel 00/1 : 48[0] -> 49[1] via P2P/CUMEM
gpu-1-98:2189216:2189277 [0] NCCL INFO [Proxy Progress] Device 1 CPU core 91
gpu-1-95:3293412:3293412 [3] NCCL INFO Channel 04/1 : 51[3] -> 52[0] [send] via NET/AWS Libfabric/0(48)/GDRDMA/Shared
gpu-1-83:1608603:1608603 [0] NCCL INFO Channel 04/1 : 37[1] -> 40[0] [receive] via NET/AWS Libfabric/0/GDRDMA/Shared
gpu-1-83:1608603:1608603 [0] NCCL INFO Channel 00/1 : 40[0] -> 43[3] via P2P/CUMEM
gpu-1-94:562565:562565 [0] NCCL INFO Channel 04/1 : 41[1] -> 44[0] [receive] via NET/AWS Libfabric/0/GDRDMA/Shared
gpu-1-94:562565:562565 [0] NCCL INFO Channel 00/1 : 44[0] -> 47[3] via P2P/CUMEM
gpu-1-67:4097839:4097839 [0] NCCL INFO Channel 04/1 : 25[1] -> 28[0] [receive] via NET/AWS Libfabric/0/GDRDMA/Shared
gpu-1-67:4097839:4097839 [0] NCCL INFO Channel 00/1 : 28[0] -> 31[3] via P2P/CUMEM
gpu-1-66:3288968:3288968 [0] NCCL INFO Channel 04/1 : 21[1] -> 24[0] [receive] via NET/AWS Libfabric/0/GDRDMA/Shared
gpu-1-66:3288968:3288968 [0] NCCL INFO Channel 00/1 : 24[0] -> 27[3] via P2P/CUMEM
gpu-1-65:3374548:3374977 [0] NCCL INFO [Proxy Progress] Device 1 CPU core 112
gpu-1-82:997326:997326 [0] NCCL INFO Channel 04/1 : 33[1] -> 36[0] [receive] via NET/AWS Libfabric/0/GDRDMA/Shared
gpu-1-82:997326:997326 [0] NCCL INFO Channel 00/1 : 36[0] -> 39[3] via P2P/CUMEM
gpu-1-83:1608604:1609034 [0] NCCL INFO [Proxy Progress] Device 1 CPU core 123
gpu-1-33:1976774:1977204 [0] NCCL INFO [Proxy Progress] Device 1 CPU core 106
gpu-1-18:3298542:3298604 [0] NCCL INFO [Proxy Progress] Device 1 CPU core 122
gpu-1-95:3293411:3293411 [2] NCCL INFO Channel 04/1 : 50[2] -> 52[0] [send] via NET/AWS Libfabric/0(48)/GDRDMA/Shared
gpu-1-35:3930554:3930985 [0] NCCL INFO [Proxy Progress] Device 1 CPU core 137
gpu-1-35:3930556:3930556 [3] NCCL INFO Channel 04/1 : 19[3] -> 21[1] [send] via NET/AWS Libfabric/1(17)/GDRDMA/Shared
gpu-1-95:3293409:3293409 [0] NCCL INFO Channel 04/1 : 46[2] -> 48[0] [receive] via NET/AWS Libfabric/0/GDRDMA/Shared
gpu-1-95:3293409:3293409 [0] NCCL INFO Channel 00/1 : 48[0] -> 50[2] via P2P/CUMEM
gpu-1-68:1717870:1718299 [0] NCCL INFO [Proxy Progress] Device 1 CPU core 83
gpu-1-4:435153:435215 [0] NCCL INFO [Proxy Progress] Device 1 CPU core 125
gpu-1-33:1976776:1977205 [0] NCCL INFO [Proxy Progress] Device 2 CPU core 213
gpu-1-104:1300649:1301078 [0] NCCL INFO [Proxy Progress] Device 1 CPU core 98
gpu-1-35:3930555:3930986 [0] NCCL INFO [Proxy Progress] Device 2 CPU core 167
gpu-1-67:4097840:4098269 [0] NCCL INFO [Proxy Progress] Device 1 CPU core 136
gpu-1-95:3293409:3293409 [0] NCCL INFO Channel 04/1 : 45[1] -> 48[0] [receive] via NET/AWS Libfabric/0/GDRDMA/Shared
gpu-1-95:3293409:3293409 [0] NCCL INFO Channel 00/1 : 48[0] -> 51[3] via P2P/CUMEM
gpu-1-67:4097842:4097842 [3] NCCL INFO Channel 04/1 : 31[3] -> 33[1] [send] via NET/AWS Libfabric/1(29)/GDRDMA/Shared
gpu-1-66:3288969:3289398 [0] NCCL INFO [Proxy Progress] Device 1 CPU core 143
gpu-1-94:562566:562995 [0] NCCL INFO [Proxy Progress] Device 1 CPU core 73
gpu-1-82:997327:997388 [0] NCCL INFO [Proxy Progress] Device 1 CPU core 79
gpu-1-82:997329:997329 [3] NCCL INFO Channel 04/1 : 39[3] -> 41[1] [send] via NET/AWS Libfabric/1(37)/GDRDMA/Shared
gpu-1-104:1300650:1301079 [0] NCCL INFO [Proxy Progress] Device 2 CPU core 205
gpu-1-83:1608605:1609035 [0] NCCL INFO [Proxy Progress] Device 2 CPU core 209
gpu-1-67:4097841:4098270 [0] NCCL INFO [Proxy Progress] Device 2 CPU core 169
gpu-1-66:3288970:3289399 [0] NCCL INFO [Proxy Progress] Device 2 CPU core 168
gpu-1-68:1717871:1718300 [0] NCCL INFO [Proxy Progress] Device 2 CPU core 209
gpu-1-65:3374549:3374978 [0] NCCL INFO [Proxy Progress] Device 2 CPU core 177
gpu-1-82:997328:997389 [0] NCCL INFO [Proxy Progress] Device 2 CPU core 211
gpu-1-95:3293410:3293472 [0] NCCL INFO [Proxy Progress] Device 1 CPU core 98
gpu-1-94:562567:562996 [0] NCCL INFO [Proxy Progress] Device 2 CPU core 160
gpu-1-14:1485677:1485677 [0] NCCL INFO Channel 04/1 : 3[3] -> 4[0] [receive] via NET/AWS Libfabric/0/GDRDMA/Shared
gpu-1-14:1485677:1485677 [0] NCCL INFO Channel 00/1 : 4[0] -> 5[1] via P2P/CUMEM
gpu-1-14:1485680:1485680 [3] NCCL INFO Channel 04/1 : 7[3] -> 8[0] [send] via NET/AWS Libfabric/0(4)/GDRDMA/Shared
gpu-1-18:3298541:3298541 [0] NCCL INFO Channel 04/1 : 6[2] -> 8[0] [receive] via NET/AWS Libfabric/0/GDRDMA/Shared
gpu-1-18:3298541:3298541 [0] NCCL INFO Channel 00/1 : 8[0] -> 10[2] via P2P/CUMEM
gpu-1-14:1485679:1485679 [2] NCCL INFO Channel 04/1 : 6[2] -> 8[0] [send] via NET/AWS Libfabric/0(4)/GDRDMA/Shared
gpu-1-14:1485677:1485677 [0] NCCL INFO Channel 04/1 : 2[2] -> 4[0] [receive] via NET/AWS Libfabric/0/GDRDMA/Shared
gpu-1-14:1485677:1485677 [0] NCCL INFO Channel 00/1 : 4[0] -> 6[2] via P2P/CUMEM
gpu-1-18:3298541:3298541 [0] NCCL INFO Channel 04/1 : 5[1] -> 8[0] [receive] via NET/AWS Libfabric/0/GDRDMA/Shared
gpu-1-18:3298541:3298541 [0] NCCL INFO Channel 00/1 : 8[0] -> 11[3] via P2P/CUMEM
gpu-1-14:1485677:1485677 [0] NCCL INFO Channel 04/1 : 1[1] -> 4[0] [receive] via NET/AWS Libfabric/0/GDRDMA/Shared
gpu-1-14:1485677:1485677 [0] NCCL INFO Channel 00/1 : 4[0] -> 7[3] via P2P/CUMEM
gpu-1-14:1485678:1485739 [0] NCCL INFO [Proxy Progress] Device 1 CPU core 111
gpu-1-14:1485680:1485680 [3] NCCL INFO Channel 04/1 : 7[3] -> 9[1] [send] via NET/AWS Libfabric/1(5)/GDRDMA/Shared
gpu-1-18:3298543:3298605 [0] NCCL INFO [Proxy Progress] Device 2 CPU core 170
gpu-1-96:3018481:3018481 [0] NCCL INFO Channel 04/1 : 51[3] -> 52[0] [receive] via NET/AWS Libfabric/0/GDRDMA/Shared
gpu-1-96:3018481:3018481 [0] NCCL INFO Channel 00/1 : 52[0] -> 53[1] via P2P/CUMEM
gpu-1-96:3018484:3018484 [3] NCCL INFO Channel 04/1 : 55[3] -> 56[0] [send] via NET/AWS Libfabric/0(52)/GDRDMA/Shared
gpu-1-14:1485679:1485740 [0] NCCL INFO [Proxy Progress] Device 2 CPU core 210
gpu-1-98:2189215:2189215 [0] NCCL INFO Channel 04/1 : 54[2] -> 56[0] [receive] via NET/AWS Libfabric/0/GDRDMA/Shared
gpu-1-98:2189215:2189215 [0] NCCL INFO Channel 00/1 : 56[0] -> 58[2] via P2P/CUMEM
gpu-1-4:435154:435216 [0] NCCL INFO [Proxy Progress] Device 2 CPU core 156
gpu-1-96:3018483:3018483 [2] NCCL INFO Channel 04/1 : 54[2] -> 56[0] [send] via NET/AWS Libfabric/0(52)/GDRDMA/Shared
gpu-1-96:3018481:3018481 [0] NCCL INFO Channel 04/1 : 50[2] -> 52[0] [receive] via NET/AWS Libfabric/0/GDRDMA/Shared
gpu-1-96:3018481:3018481 [0] NCCL INFO Channel 00/1 : 52[0] -> 54[2] via P2P/CUMEM
gpu-1-98:2189215:2189215 [0] NCCL INFO Channel 04/1 : 53[1] -> 56[0] [receive] via NET/AWS Libfabric/0/GDRDMA/Shared
gpu-1-98:2189215:2189215 [0] NCCL INFO Channel 00/1 : 56[0] -> 59[3] via P2P/CUMEM
gpu-1-96:3018481:3018481 [0] NCCL INFO Channel 04/1 : 49[1] -> 52[0] [receive] via NET/AWS Libfabric/0/GDRDMA/Shared
gpu-1-96:3018481:3018481 [0] NCCL INFO Channel 00/1 : 52[0] -> 55[3] via P2P/CUMEM
gpu-1-96:3018482:3018911 [0] NCCL INFO [Proxy Progress] Device 1 CPU core 106
gpu-1-96:3018484:3018484 [3] NCCL INFO Channel 04/1 : 55[3] -> 57[1] [send] via NET/AWS Libfabric/1(53)/GDRDMA/Shared
gpu-1-98:2189217:2189278 [0] NCCL INFO [Proxy Progress] Device 2 CPU core 159
gpu-1-95:3293411:3293473 [0] NCCL INFO [Proxy Progress] Device 2 CPU core 153
gpu-1-96:3018483:3018912 [0] NCCL INFO [Proxy Progress] Device 2 CPU core 181
gpu-1-83:1608605:1608605 [2] NCCL INFO Channel 04/1 : 39[3] -> 42[2] [receive] via NET/AWS Libfabric/2/GDRDMA/Shared
gpu-1-66:3288970:3288970 [2] NCCL INFO Channel 04/1 : 23[3] -> 26[2] [receive] via NET/AWS Libfabric/2/GDRDMA/Shared
gpu-1-65:3374549:3374549 [2] NCCL INFO Channel 04/1 : 19[3] -> 22[2] [receive] via NET/AWS Libfabric/2/GDRDMA/Shared
gpu-1-94:562567:562567 [2] NCCL INFO Channel 04/1 : 43[3] -> 46[2] [receive] via NET/AWS Libfabric/2/GDRDMA/Shared
gpu-1-67:4097841:4097841 [2] NCCL INFO Channel 04/1 : 27[3] -> 30[2] [receive] via NET/AWS Libfabric/2/GDRDMA/Shared
gpu-1-104:1300650:1300650 [2] NCCL INFO Channel 04/1 : 59[3] -> 62[2] [receive] via NET/AWS Libfabric/2/GDRDMA/Shared
gpu-1-98:2189217:2189217 [2] NCCL INFO Channel 04/1 : 55[3] -> 58[2] [receive] via NET/AWS Libfabric/2/GDRDMA/Shared
gpu-1-35:3930554:3930554 [1] NCCL INFO Channel 04/1 : 15[3] -> 17[1] [receive] via NET/AWS Libfabric/1/GDRDMA/Shared
gpu-1-35:3930554:3930554 [1] NCCL INFO Channel 00/1 : 17[1] -> 19[3] via P2P/CUMEM
gpu-1-68:1717870:1717870 [1] NCCL INFO Channel 04/1 : 31[3] -> 33[1] [receive] via NET/AWS Libfabric/1/GDRDMA/Shared
gpu-1-68:1717870:1717870 [1] NCCL INFO Channel 00/1 : 33[1] -> 35[3] via P2P/CUMEM
gpu-1-33:1976774:1976774 [1] NCCL INFO Channel 04/1 : 11[3] -> 13[1] [receive] via NET/AWS Libfabric/1/GDRDMA/Shared
gpu-1-33:1976774:1976774 [1] NCCL INFO Channel 00/1 : 13[1] -> 15[3] via P2P/CUMEM
gpu-1-68:1717872:1717872 [3] NCCL INFO Channel 04/1 : 35[3] -> 37[1] [send] via NET/AWS Libfabric/1(33)/GDRDMA/Shared
gpu-1-82:997327:997327 [1] NCCL INFO Channel 04/1 : 35[3] -> 37[1] [receive] via NET/AWS Libfabric/1/GDRDMA/Shared
gpu-1-33:1976777:1976777 [3] NCCL INFO Channel 04/1 : 15[3] -> 17[1] [send] via NET/AWS Libfabric/1(13)/GDRDMA/Shared
gpu-1-18:3298543:3298543 [2] NCCL INFO Channel 04/1 : 7[3] -> 10[2] [receive] via NET/AWS Libfabric/2/GDRDMA/Shared
gpu-1-82:997327:997327 [1] NCCL INFO Channel 00/1 : 37[1] -> 39[3] via P2P/CUMEM
gpu-1-35:3930554:3930554 [1] NCCL INFO Channel 04/1 : 14[2] -> 17[1] [receive] via NET/AWS Libfabric/1/GDRDMA/Shared
gpu-1-35:3930554:3930554 [1] NCCL INFO Channel 04/1 : 17[1] -> 20[0] [send] via NET/AWS Libfabric/0(16)/GDRDMA/Shared
gpu-1-68:1717870:1717870 [1] NCCL INFO Channel 04/1 : 30[2] -> 33[1] [receive] via NET/AWS Libfabric/1/GDRDMA/Shared
gpu-1-82:997327:997327 [1] NCCL INFO Channel 04/1 : 34[2] -> 37[1] [receive] via NET/AWS Libfabric/1/GDRDMA/Shared
